[0502/122036.473:ERROR:settings.cc(263)] Settings version is not 1
[0502/123519.134:ERROR:settings.cc(263)] Settings version is not 1
[0502/203200.599:ERROR:settings.cc(263)] Settings version is not 1
[0505/003233.071:ERROR:settings.cc(263)] Settings version is not 1
[0505/004132.141:ERROR:settings.cc(263)] Settings version is not 1
[0506/005901.576:ERROR:settings.cc(263)] Settings version is not 1
[0507/022851.677:ERROR:settings.cc(263)] Settings version is not 1
[0511/021316.591:ERROR:settings.cc(263)] Settings version is not 1
[0511/031612.390:ERROR:settings.cc(263)] Settings version is not 1
[0511/033758.901:ERROR:settings.cc(263)] Settings version is not 1
[0511/035519.093:ERROR:settings.cc(263)] Settings version is not 1
[0511/043317.234:ERROR:settings.cc(263)] Settings version is not 1
[0511/224525.942:ERROR:settings.cc(263)] Settings version is not 1
[0516/184709.844:ERROR:settings.cc(263)] Settings version is not 1
[0517/110422.322:ERROR:settings.cc(263)] Settings version is not 1
[0517/112657.817:ERROR:settings.cc(263)] Settings version is not 1
[0521/000009.339:ERROR:settings.cc(263)] Settings version is not 1
[0523/021118.774:ERROR:settings.cc(263)] Settings version is not 1
[0524/214918.944:ERROR:settings.cc(263)] Settings version is not 1
[0526/223435.984:ERROR:settings.cc(263)] Settings version is not 1
[0526/224013.950:ERROR:settings.cc(263)] Settings version is not 1
[0526/225355.783:ERROR:settings.cc(263)] Settings version is not 1
[0526/231603.741:ERROR:settings.cc(263)] Settings version is not 1
[0526/235531.171:ERROR:settings.cc(263)] Settings version is not 1
[0527/001445.169:ERROR:settings.cc(263)] Settings version is not 1
[0527/003320.372:ERROR:settings.cc(263)] Settings version is not 1
[0527/004020.657:ERROR:settings.cc(263)] Settings version is not 1
[0527/010108.685:ERROR:settings.cc(263)] Settings version is not 1
[0527/010827.860:ERROR:settings.cc(263)] Settings version is not 1
[0527/013634.456:ERROR:settings.cc(263)] Settings version is not 1
[0527/020439.480:ERROR:settings.cc(263)] Settings version is not 1
[0527/021909.236:ERROR:settings.cc(263)] Settings version is not 1
[0527/022823.754:ERROR:settings.cc(263)] Settings version is not 1
[0527/024450.650:ERROR:settings.cc(263)] Settings version is not 1
[0528/021433.870:ERROR:settings.cc(263)] Settings version is not 1
[0528/022959.150:ERROR:settings.cc(263)] Settings version is not 1
[0528/024416.225:ERROR:settings.cc(263)] Settings version is not 1
[0528/030006.917:ERROR:settings.cc(263)] Settings version is not 1
[0528/031655.044:ERROR:settings.cc(263)] Settings version is not 1
[0528/034124.956:ERROR:settings.cc(263)] Settings version is not 1
[0528/034933.968:ERROR:settings.cc(263)] Settings version is not 1
[0528/040032.102:ERROR:settings.cc(263)] Settings version is not 1
[0529/021243.823:ERROR:settings.cc(263)] Settings version is not 1
[0602/224718.546:ERROR:settings.cc(263)] Settings version is not 1
[0602/231334.577:ERROR:settings.cc(263)] Settings version is not 1
[0603/001931.600:ERROR:settings.cc(263)] Settings version is not 1
[0603/004729.906:ERROR:settings.cc(263)] Settings version is not 1
[0603/010247.397:ERROR:settings.cc(263)] Settings version is not 1
[0603/011908.382:ERROR:settings.cc(263)] Settings version is not 1
[0603/012917.521:ERROR:settings.cc(263)] Settings version is not 1
[0603/210307.625:ERROR:settings.cc(263)] Settings version is not 1
[0603/211759.917:ERROR:settings.cc(263)] Settings version is not 1
[0603/213147.866:ERROR:settings.cc(263)] Settings version is not 1
[0603/222919.210:ERROR:settings.cc(263)] Settings version is not 1
[0603/225141.572:ERROR:settings.cc(263)] Settings version is not 1
[0603/225927.694:ERROR:settings.cc(263)] Settings version is not 1
[0603/233356.214:ERROR:settings.cc(263)] Settings version is not 1
[0603/235525.736:ERROR:settings.cc(263)] Settings version is not 1
[0604/001052.651:ERROR:settings.cc(263)] Settings version is not 1
[0604/003305.600:ERROR:settings.cc(263)] Settings version is not 1
[0604/011500.768:ERROR:settings.cc(263)] Settings version is not 1
[0604/013018.953:ERROR:settings.cc(263)] Settings version is not 1
[0604/023217.469:ERROR:settings.cc(263)] Settings version is not 1
[0604/025757.693:ERROR:settings.cc(263)] Settings version is not 1
[0604/030126.925:ERROR:settings.cc(263)] Settings version is not 1
[0605/071457.689:ERROR:settings.cc(263)] Settings version is not 1
[0605/075156.370:ERROR:settings.cc(263)] Settings version is not 1
[0605/080439.822:ERROR:settings.cc(263)] Settings version is not 1
[0605/234702.403:ERROR:settings.cc(263)] Settings version is not 1
[0607/030247.851:ERROR:settings.cc(263)] Settings version is not 1
[0607/041005.975:ERROR:settings.cc(263)] Settings version is not 1
[0607/043817.592:ERROR:settings.cc(263)] Settings version is not 1
[0607/045838.223:ERROR:settings.cc(263)] Settings version is not 1
[0607/051028.291:ERROR:settings.cc(263)] Settings version is not 1
[0607/052449.319:ERROR:settings.cc(263)] Settings version is not 1
[0607/061102.562:ERROR:settings.cc(263)] Settings version is not 1
[0607/064336.381:ERROR:settings.cc(263)] Settings version is not 1
[0607/085106.700:ERROR:settings.cc(263)] Settings version is not 1
[0609/192845.214:ERROR:settings.cc(263)] Settings version is not 1
[0609/201242.992:ERROR:settings.cc(263)] Settings version is not 1
[0609/201925.180:ERROR:settings.cc(263)] Settings version is not 1
[0611/021229.445:ERROR:settings.cc(263)] Settings version is not 1
[0613/233557.139:ERROR:settings.cc(263)] Settings version is not 1
[0614/002803.624:ERROR:settings.cc(263)] Settings version is not 1
[0614/003800.648:ERROR:settings.cc(263)] Settings version is not 1
[0614/005527.323:ERROR:settings.cc(263)] Settings version is not 1
[0614/015248.192:ERROR:settings.cc(263)] Settings version is not 1
[0614/181026.988:ERROR:settings.cc(263)] Settings version is not 1
[0614/235048.347:ERROR:settings.cc(263)] Settings version is not 1
[0614/235207.124:ERROR:settings.cc(263)] Settings version is not 1
[0615/003857.447:ERROR:settings.cc(263)] Settings version is not 1
[0615/011711.833:ERROR:settings.cc(263)] Settings version is not 1
[0615/013851.451:ERROR:settings.cc(263)] Settings version is not 1
[0615/020019.712:ERROR:settings.cc(263)] Settings version is not 1
[0615/025725.476:ERROR:settings.cc(263)] Settings version is not 1
[0615/110215.077:ERROR:settings.cc(263)] Settings version is not 1
[0615/160218.809:ERROR:settings.cc(263)] Settings version is not 1
[0615/162415.220:ERROR:settings.cc(263)] Settings version is not 1
[0615/174416.455:ERROR:settings.cc(263)] Settings version is not 1
[0615/180136.692:ERROR:settings.cc(263)] Settings version is not 1
[0615/182903.776:ERROR:settings.cc(263)] Settings version is not 1
[0615/183441.351:ERROR:settings.cc(263)] Settings version is not 1
[0615/185231.993:ERROR:settings.cc(263)] Settings version is not 1
[0615/193956.144:ERROR:settings.cc(263)] Settings version is not 1
[0615/232435.706:ERROR:settings.cc(263)] Settings version is not 1
[0616/010546.977:ERROR:settings.cc(263)] Settings version is not 1
[0616/011932.312:ERROR:settings.cc(263)] Settings version is not 1
[0617/002736.713:ERROR:settings.cc(263)] Settings version is not 1
[0617/003057.263:ERROR:settings.cc(263)] Settings version is not 1
[0628/203222.503:ERROR:settings.cc(263)] Settings version is not 1
[0705/030309.950:ERROR:settings.cc(263)] Settings version is not 1
[0706/221842.714:ERROR:settings.cc(263)] Settings version is not 1
[0707/233119.206:ERROR:settings.cc(263)] Settings version is not 1
[0709/013431.169:ERROR:settings.cc(263)] Settings version is not 1
[0930/003457.403:FATAL:crashpad_win.cc(77)] Check failed: base::CreateDirectoryAndGetError(metrics_path, nullptr). 
Backtrace:
	SuccessfullyBlocked [0x61E43D00+73142]
	SuccessfullyBlocked [0x61E4384D+71939]
	SuccessfullyBlocked [0x61E3DE00+48822]
	GetHandleVerifier [0x61E59396+56278]
	GetHandleVerifier [0x61E576C1+48897]
	GetHandleVerifier [0x61E577D0+49168]
	SuccessfullyBlocked [0x61E333A1+5207]
	SuccessfullyBlocked [0x61E3310A+4544]
	ChromeMain [0x0F7B17D6+1882]
	v8::internal::wasm::WasmInterpreter::Thread::PossibleNondeterminism [0x109BD6DA+100714]
	v8::internal::wasm::WasmInterpreter::Thread::PossibleNondeterminism [0x109BD0D5+99173]
	v8::internal::wasm::WasmInterpreter::Thread::PossibleNondeterminism [0x109D0736+178630]
	v8::internal::wasm::WasmInterpreter::Thread::PossibleNondeterminism [0x109BD533+100291]
	ChromeMain [0x0F7B118E+274]
	(No symbol) [0x00382B80]
	(No symbol) [0x003813E6]
	IsSandboxedProcess [0x00455009+323705]
	BaseThreadInitThunk [0x7695FCC9+25]
	RtlGetAppContainerNamedObjectPath [0x777782AE+286]
	RtlGetAppContainerNamedObjectPath [0x7777827E+238]

[0930/003504.484:FATAL:crashpad_win.cc(77)] Check failed: base::CreateDirectoryAndGetError(metrics_path, nullptr). 
Backtrace:
	SuccessfullyBlocked [0x61E43D00+73142]
	SuccessfullyBlocked [0x61E4384D+71939]
	SuccessfullyBlocked [0x61E3DE00+48822]
	GetHandleVerifier [0x61E59396+56278]
	GetHandleVerifier [0x61E576C1+48897]
	GetHandleVerifier [0x61E577D0+49168]
	SuccessfullyBlocked [0x61E333A1+5207]
	SuccessfullyBlocked [0x61E3310A+4544]
	ChromeMain [0x0F7B17D6+1882]
	v8::internal::wasm::WasmInterpreter::Thread::PossibleNondeterminism [0x109BD6DA+100714]
	v8::internal::wasm::WasmInterpreter::Thread::PossibleNondeterminism [0x109BD0D5+99173]
	v8::internal::wasm::WasmInterpreter::Thread::PossibleNondeterminism [0x109D0736+178630]
	v8::internal::wasm::WasmInterpreter::Thread::PossibleNondeterminism [0x109BD533+100291]
	ChromeMain [0x0F7B118E+274]
	(No symbol) [0x00382B80]
	(No symbol) [0x003813E6]
	IsSandboxedProcess [0x00455009+323705]
	BaseThreadInitThunk [0x7695FCC9+25]
	RtlGetAppContainerNamedObjectPath [0x777782AE+286]
	RtlGetAppContainerNamedObjectPath [0x7777827E+238]

[0930/003509.577:FATAL:crashpad_win.cc(77)] Check failed: base::CreateDirectoryAndGetError(metrics_path, nullptr). 
Backtrace:
	SuccessfullyBlocked [0x61E43D00+73142]
	SuccessfullyBlocked [0x61E4384D+71939]
	SuccessfullyBlocked [0x61E3DE00+48822]
	GetHandleVerifier [0x61E59396+56278]
	GetHandleVerifier [0x61E576C1+48897]
	GetHandleVerifier [0x61E577D0+49168]
	SuccessfullyBlocked [0x61E333A1+5207]
	SuccessfullyBlocked [0x61E3310A+4544]
	ChromeMain [0x0F7B17D6+1882]
	v8::internal::wasm::WasmInterpreter::Thread::PossibleNondeterminism [0x109BD6DA+100714]
	v8::internal::wasm::WasmInterpreter::Thread::PossibleNondeterminism [0x109BD0D5+99173]
	v8::internal::wasm::WasmInterpreter::Thread::PossibleNondeterminism [0x109D0736+178630]
	v8::internal::wasm::WasmInterpreter::Thread::PossibleNondeterminism [0x109BD533+100291]
	ChromeMain [0x0F7B118E+274]
	(No symbol) [0x00382B80]
	(No symbol) [0x003813E6]
	IsSandboxedProcess [0x00455009+323705]
	BaseThreadInitThunk [0x7695FCC9+25]
	RtlGetAppContainerNamedObjectPath [0x777782AE+286]
	RtlGetAppContainerNamedObjectPath [0x7777827E+238]

[0930/003518.798:FATAL:crashpad_win.cc(77)] Check failed: base::CreateDirectoryAndGetError(metrics_path, nullptr). 
Backtrace:
	SuccessfullyBlocked [0x61E43D00+73142]
	SuccessfullyBlocked [0x61E4384D+71939]
	SuccessfullyBlocked [0x61E3DE00+48822]
	GetHandleVerifier [0x61E59396+56278]
	GetHandleVerifier [0x61E576C1+48897]
	GetHandleVerifier [0x61E577D0+49168]
	SuccessfullyBlocked [0x61E333A1+5207]
	SuccessfullyBlocked [0x61E3310A+4544]
	ChromeMain [0x0F7B17D6+1882]
	v8::internal::wasm::WasmInterpreter::Thread::PossibleNondeterminism [0x109BD6DA+100714]
	v8::internal::wasm::WasmInterpreter::Thread::PossibleNondeterminism [0x109BD0D5+99173]
	v8::internal::wasm::WasmInterpreter::Thread::PossibleNondeterminism [0x109D0736+178630]
	v8::internal::wasm::WasmInterpreter::Thread::PossibleNondeterminism [0x109BD533+100291]
	ChromeMain [0x0F7B118E+274]
	(No symbol) [0x00382B80]
	(No symbol) [0x003813E6]
	IsSandboxedProcess [0x00455009+323705]
	BaseThreadInitThunk [0x7695FCC9+25]
	RtlGetAppContainerNamedObjectPath [0x777782AE+286]
	RtlGetAppContainerNamedObjectPath [0x7777827E+238]

[0930/003542.526:FATAL:crashpad_win.cc(77)] Check failed: base::CreateDirectoryAndGetError(metrics_path, nullptr). 
Backtrace:
	SuccessfullyBlocked [0x61E43D00+73142]
	SuccessfullyBlocked [0x61E4384D+71939]
	SuccessfullyBlocked [0x61E3DE00+48822]
	GetHandleVerifier [0x61E59396+56278]
	GetHandleVerifier [0x61E576C1+48897]
	GetHandleVerifier [0x61E577D0+49168]
	SuccessfullyBlocked [0x61E333A1+5207]
	SuccessfullyBlocked [0x61E3310A+4544]
	ChromeMain [0x0F7B17D6+1882]
	v8::internal::wasm::WasmInterpreter::Thread::PossibleNondeterminism [0x109BD6DA+100714]
	v8::internal::wasm::WasmInterpreter::Thread::PossibleNondeterminism [0x109BD0D5+99173]
	v8::internal::wasm::WasmInterpreter::Thread::PossibleNondeterminism [0x109D0736+178630]
	v8::internal::wasm::WasmInterpreter::Thread::PossibleNondeterminism [0x109BD533+100291]
	ChromeMain [0x0F7B118E+274]
	(No symbol) [0x00382B80]
	(No symbol) [0x003813E6]
	IsSandboxedProcess [0x00455009+323705]
	BaseThreadInitThunk [0x7695FCC9+25]
	RtlGetAppContainerNamedObjectPath [0x777782AE+286]
	RtlGetAppContainerNamedObjectPath [0x7777827E+238]

[0930/003546.728:FATAL:crashpad_win.cc(77)] Check failed: base::CreateDirectoryAndGetError(metrics_path, nullptr). 
Backtrace:
	SuccessfullyBlocked [0x61E43D00+73142]
	SuccessfullyBlocked [0x61E4384D+71939]
	SuccessfullyBlocked [0x61E3DE00+48822]
	GetHandleVerifier [0x61E59396+56278]
	GetHandleVerifier [0x61E576C1+48897]
	GetHandleVerifier [0x61E577D0+49168]
	SuccessfullyBlocked [0x61E333A1+5207]
	SuccessfullyBlocked [0x61E3310A+4544]
	ChromeMain [0x0F7B17D6+1882]
	v8::internal::wasm::WasmInterpreter::Thread::PossibleNondeterminism [0x109BD6DA+100714]
	v8::internal::wasm::WasmInterpreter::Thread::PossibleNondeterminism [0x109BD0D5+99173]
	v8::internal::wasm::WasmInterpreter::Thread::PossibleNondeterminism [0x109D0736+178630]
	v8::internal::wasm::WasmInterpreter::Thread::PossibleNondeterminism [0x109BD533+100291]
	ChromeMain [0x0F7B118E+274]
	(No symbol) [0x00382B80]
	(No symbol) [0x003813E6]
	IsSandboxedProcess [0x00455009+323705]
	BaseThreadInitThunk [0x7695FCC9+25]
	RtlGetAppContainerNamedObjectPath [0x777782AE+286]
	RtlGetAppContainerNamedObjectPath [0x7777827E+238]

[0930/003639.036:FATAL:crashpad_win.cc(77)] Check failed: base::CreateDirectoryAndGetError(metrics_path, nullptr). 
Backtrace:
	SuccessfullyBlocked [0x61E43D00+73142]
	SuccessfullyBlocked [0x61E4384D+71939]
	SuccessfullyBlocked [0x61E3DE00+48822]
	GetHandleVerifier [0x61E59396+56278]
	GetHandleVerifier [0x61E576C1+48897]
	GetHandleVerifier [0x61E577D0+49168]
	SuccessfullyBlocked [0x61E333A1+5207]
	SuccessfullyBlocked [0x61E3310A+4544]
	ChromeMain [0x0F7B17D6+1882]
	v8::internal::wasm::WasmInterpreter::Thread::PossibleNondeterminism [0x109BD6DA+100714]
	v8::internal::wasm::WasmInterpreter::Thread::PossibleNondeterminism [0x109BD0D5+99173]
	v8::internal::wasm::WasmInterpreter::Thread::PossibleNondeterminism [0x109D0736+178630]
	v8::internal::wasm::WasmInterpreter::Thread::PossibleNondeterminism [0x109BD533+100291]
	ChromeMain [0x0F7B118E+274]
	(No symbol) [0x00382B80]
	(No symbol) [0x003813E6]
	IsSandboxedProcess [0x00455009+323705]
	BaseThreadInitThunk [0x7695FCC9+25]
	RtlGetAppContainerNamedObjectPath [0x777782AE+286]
	RtlGetAppContainerNamedObjectPath [0x7777827E+238]

[0930/003702.419:FATAL:crashpad_win.cc(77)] Check failed: base::CreateDirectoryAndGetError(metrics_path, nullptr). 
Backtrace:
	SuccessfullyBlocked [0x61E43D00+73142]
	SuccessfullyBlocked [0x61E4384D+71939]
	SuccessfullyBlocked [0x61E3DE00+48822]
	GetHandleVerifier [0x61E59396+56278]
	GetHandleVerifier [0x61E576C1+48897]
	GetHandleVerifier [0x61E577D0+49168]
	SuccessfullyBlocked [0x61E333A1+5207]
	SuccessfullyBlocked [0x61E3310A+4544]
	ChromeMain [0x0F7B17D6+1882]
	v8::internal::wasm::WasmInterpreter::Thread::PossibleNondeterminism [0x109BD6DA+100714]
	v8::internal::wasm::WasmInterpreter::Thread::PossibleNondeterminism [0x109BD0D5+99173]
	v8::internal::wasm::WasmInterpreter::Thread::PossibleNondeterminism [0x109D0736+178630]
	v8::internal::wasm::WasmInterpreter::Thread::PossibleNondeterminism [0x109BD533+100291]
	ChromeMain [0x0F7B118E+274]
	(No symbol) [0x00382B80]
	(No symbol) [0x003813E6]
	IsSandboxedProcess [0x00455009+323705]
	BaseThreadInitThunk [0x7695FCC9+25]
	RtlGetAppContainerNamedObjectPath [0x777782AE+286]
	RtlGetAppContainerNamedObjectPath [0x7777827E+238]

[0930/003705.328:FATAL:crashpad_win.cc(77)] Check failed: base::CreateDirectoryAndGetError(metrics_path, nullptr). 
Backtrace:
	SuccessfullyBlocked [0x61E43D00+73142]
	SuccessfullyBlocked [0x61E4384D+71939]
	SuccessfullyBlocked [0x61E3DE00+48822]
	GetHandleVerifier [0x61E59396+56278]
	GetHandleVerifier [0x61E576C1+48897]
	GetHandleVerifier [0x61E577D0+49168]
	SuccessfullyBlocked [0x61E333A1+5207]
	SuccessfullyBlocked [0x61E3310A+4544]
	ChromeMain [0x0F7B17D6+1882]
	v8::internal::wasm::WasmInterpreter::Thread::PossibleNondeterminism [0x109BD6DA+100714]
	v8::internal::wasm::WasmInterpreter::Thread::PossibleNondeterminism [0x109BD0D5+99173]
	v8::internal::wasm::WasmInterpreter::Thread::PossibleNondeterminism [0x109D0736+178630]
	v8::internal::wasm::WasmInterpreter::Thread::PossibleNondeterminism [0x109BD533+100291]
	ChromeMain [0x0F7B118E+274]
	(No symbol) [0x00382B80]
	(No symbol) [0x003813E6]
	IsSandboxedProcess [0x00455009+323705]
	BaseThreadInitThunk [0x7695FCC9+25]
	RtlGetAppContainerNamedObjectPath [0x777782AE+286]
	RtlGetAppContainerNamedObjectPath [0x7777827E+238]

